// Vitest Snapshot v1

exports[`should > animator > animator 1`] = `
[
  {
    "index": 0,
    "patch": {
      "cursor": 89,
      "length": 8,
      "type": "removal",
    },
    "type": "new-patch",
  },
  {
    "content": "
import { describe, expect, it } from 'vitest'

describe('should', () => {
  it('exporte', () => {
    expect(one).toEqual(1)
  })
})
",
    "cursor": 88,
    "type": "removal",
  },
  {
    "content": "
import { describe, expect, it } from 'vitest'

describe('should', () => {
  it('export', () => {
    expect(one).toEqual(1)
  })
})
",
    "cursor": 87,
    "type": "removal",
  },
  {
    "content": "
import { describe, expect, it } from 'vitest'

describe('should', () => {
  it('expor', () => {
    expect(one).toEqual(1)
  })
})
",
    "cursor": 86,
    "type": "removal",
  },
  {
    "content": "
import { describe, expect, it } from 'vitest'

describe('should', () => {
  it('expo', () => {
    expect(one).toEqual(1)
  })
})
",
    "cursor": 85,
    "type": "removal",
  },
  {
    "content": "
import { describe, expect, it } from 'vitest'

describe('should', () => {
  it('exp', () => {
    expect(one).toEqual(1)
  })
})
",
    "cursor": 84,
    "type": "removal",
  },
  {
    "content": "
import { describe, expect, it } from 'vitest'

describe('should', () => {
  it('ex', () => {
    expect(one).toEqual(1)
  })
})
",
    "cursor": 83,
    "type": "removal",
  },
  {
    "content": "
import { describe, expect, it } from 'vitest'

describe('should', () => {
  it('e', () => {
    expect(one).toEqual(1)
  })
})
",
    "cursor": 82,
    "type": "removal",
  },
  {
    "content": "
import { describe, expect, it } from 'vitest'

describe('should', () => {
  it('', () => {
    expect(one).toEqual(1)
  })
})
",
    "cursor": 81,
    "type": "removal",
  },
  {
    "index": 1,
    "patch": {
      "content": "one",
      "cursor": 81,
      "type": "insert",
    },
    "type": "new-patch",
  },
  {
    "char": "o",
    "content": "
import { describe, expect, it } from 'vitest'

describe('should', () => {
  it('o', () => {
    expect(one).toEqual(1)
  })
})
",
    "cursor": 82,
    "type": "insert",
  },
  {
    "char": "n",
    "content": "
import { describe, expect, it } from 'vitest'

describe('should', () => {
  it('on', () => {
    expect(one).toEqual(1)
  })
})
",
    "cursor": 83,
    "type": "insert",
  },
  {
    "char": "e",
    "content": "
import { describe, expect, it } from 'vitest'

describe('should', () => {
  it('one', () => {
    expect(one).toEqual(1)
  })
})
",
    "cursor": 84,
    "type": "insert",
  },
  {
    "index": 2,
    "patch": {
      "content": "

  it('two', () => {
    expect(two).toEqual(2)
  })",
      "cursor": 126,
      "type": "insert",
    },
    "type": "new-patch",
  },
  {
    "char": "
",
    "content": "
import { describe, expect, it } from 'vitest'

describe('should', () => {
  it('one', () => {
    expect(one).toEqual(1)
  })

})
",
    "cursor": 127,
    "type": "insert",
  },
  {
    "char": "
",
    "content": "
import { describe, expect, it } from 'vitest'

describe('should', () => {
  it('one', () => {
    expect(one).toEqual(1)
  })


})
",
    "cursor": 128,
    "type": "insert",
  },
  {
    "char": " ",
    "content": "
import { describe, expect, it } from 'vitest'

describe('should', () => {
  it('one', () => {
    expect(one).toEqual(1)
  })

 
})
",
    "cursor": 129,
    "type": "insert",
  },
  {
    "char": " ",
    "content": "
import { describe, expect, it } from 'vitest'

describe('should', () => {
  it('one', () => {
    expect(one).toEqual(1)
  })

  
})
",
    "cursor": 130,
    "type": "insert",
  },
  {
    "char": "i",
    "content": "
import { describe, expect, it } from 'vitest'

describe('should', () => {
  it('one', () => {
    expect(one).toEqual(1)
  })

  i
})
",
    "cursor": 131,
    "type": "insert",
  },
  {
    "char": "t",
    "content": "
import { describe, expect, it } from 'vitest'

describe('should', () => {
  it('one', () => {
    expect(one).toEqual(1)
  })

  it
})
",
    "cursor": 132,
    "type": "insert",
  },
  {
    "char": "(",
    "content": "
import { describe, expect, it } from 'vitest'

describe('should', () => {
  it('one', () => {
    expect(one).toEqual(1)
  })

  it(
})
",
    "cursor": 133,
    "type": "insert",
  },
  {
    "char": "'",
    "content": "
import { describe, expect, it } from 'vitest'

describe('should', () => {
  it('one', () => {
    expect(one).toEqual(1)
  })

  it('
})
",
    "cursor": 134,
    "type": "insert",
  },
  {
    "char": "t",
    "content": "
import { describe, expect, it } from 'vitest'

describe('should', () => {
  it('one', () => {
    expect(one).toEqual(1)
  })

  it('t
})
",
    "cursor": 135,
    "type": "insert",
  },
  {
    "char": "w",
    "content": "
import { describe, expect, it } from 'vitest'

describe('should', () => {
  it('one', () => {
    expect(one).toEqual(1)
  })

  it('tw
})
",
    "cursor": 136,
    "type": "insert",
  },
  {
    "char": "o",
    "content": "
import { describe, expect, it } from 'vitest'

describe('should', () => {
  it('one', () => {
    expect(one).toEqual(1)
  })

  it('two
})
",
    "cursor": 137,
    "type": "insert",
  },
  {
    "char": "'",
    "content": "
import { describe, expect, it } from 'vitest'

describe('should', () => {
  it('one', () => {
    expect(one).toEqual(1)
  })

  it('two'
})
",
    "cursor": 138,
    "type": "insert",
  },
  {
    "char": ",",
    "content": "
import { describe, expect, it } from 'vitest'

describe('should', () => {
  it('one', () => {
    expect(one).toEqual(1)
  })

  it('two',
})
",
    "cursor": 139,
    "type": "insert",
  },
  {
    "char": " ",
    "content": "
import { describe, expect, it } from 'vitest'

describe('should', () => {
  it('one', () => {
    expect(one).toEqual(1)
  })

  it('two', 
})
",
    "cursor": 140,
    "type": "insert",
  },
  {
    "char": "(",
    "content": "
import { describe, expect, it } from 'vitest'

describe('should', () => {
  it('one', () => {
    expect(one).toEqual(1)
  })

  it('two', (
})
",
    "cursor": 141,
    "type": "insert",
  },
  {
    "char": ")",
    "content": "
import { describe, expect, it } from 'vitest'

describe('should', () => {
  it('one', () => {
    expect(one).toEqual(1)
  })

  it('two', ()
})
",
    "cursor": 142,
    "type": "insert",
  },
  {
    "char": " ",
    "content": "
import { describe, expect, it } from 'vitest'

describe('should', () => {
  it('one', () => {
    expect(one).toEqual(1)
  })

  it('two', () 
})
",
    "cursor": 143,
    "type": "insert",
  },
  {
    "char": "=",
    "content": "
import { describe, expect, it } from 'vitest'

describe('should', () => {
  it('one', () => {
    expect(one).toEqual(1)
  })

  it('two', () =
})
",
    "cursor": 144,
    "type": "insert",
  },
  {
    "char": ">",
    "content": "
import { describe, expect, it } from 'vitest'

describe('should', () => {
  it('one', () => {
    expect(one).toEqual(1)
  })

  it('two', () =>
})
",
    "cursor": 145,
    "type": "insert",
  },
  {
    "char": " ",
    "content": "
import { describe, expect, it } from 'vitest'

describe('should', () => {
  it('one', () => {
    expect(one).toEqual(1)
  })

  it('two', () => 
})
",
    "cursor": 146,
    "type": "insert",
  },
  {
    "char": "{",
    "content": "
import { describe, expect, it } from 'vitest'

describe('should', () => {
  it('one', () => {
    expect(one).toEqual(1)
  })

  it('two', () => {
})
",
    "cursor": 147,
    "type": "insert",
  },
  {
    "char": "
",
    "content": "
import { describe, expect, it } from 'vitest'

describe('should', () => {
  it('one', () => {
    expect(one).toEqual(1)
  })

  it('two', () => {

})
",
    "cursor": 148,
    "type": "insert",
  },
  {
    "char": " ",
    "content": "
import { describe, expect, it } from 'vitest'

describe('should', () => {
  it('one', () => {
    expect(one).toEqual(1)
  })

  it('two', () => {
 
})
",
    "cursor": 149,
    "type": "insert",
  },
  {
    "char": " ",
    "content": "
import { describe, expect, it } from 'vitest'

describe('should', () => {
  it('one', () => {
    expect(one).toEqual(1)
  })

  it('two', () => {
  
})
",
    "cursor": 150,
    "type": "insert",
  },
  {
    "char": " ",
    "content": "
import { describe, expect, it } from 'vitest'

describe('should', () => {
  it('one', () => {
    expect(one).toEqual(1)
  })

  it('two', () => {
   
})
",
    "cursor": 151,
    "type": "insert",
  },
  {
    "char": " ",
    "content": "
import { describe, expect, it } from 'vitest'

describe('should', () => {
  it('one', () => {
    expect(one).toEqual(1)
  })

  it('two', () => {
    
})
",
    "cursor": 152,
    "type": "insert",
  },
  {
    "char": "e",
    "content": "
import { describe, expect, it } from 'vitest'

describe('should', () => {
  it('one', () => {
    expect(one).toEqual(1)
  })

  it('two', () => {
    e
})
",
    "cursor": 153,
    "type": "insert",
  },
  {
    "char": "x",
    "content": "
import { describe, expect, it } from 'vitest'

describe('should', () => {
  it('one', () => {
    expect(one).toEqual(1)
  })

  it('two', () => {
    ex
})
",
    "cursor": 154,
    "type": "insert",
  },
  {
    "char": "p",
    "content": "
import { describe, expect, it } from 'vitest'

describe('should', () => {
  it('one', () => {
    expect(one).toEqual(1)
  })

  it('two', () => {
    exp
})
",
    "cursor": 155,
    "type": "insert",
  },
  {
    "char": "e",
    "content": "
import { describe, expect, it } from 'vitest'

describe('should', () => {
  it('one', () => {
    expect(one).toEqual(1)
  })

  it('two', () => {
    expe
})
",
    "cursor": 156,
    "type": "insert",
  },
  {
    "char": "c",
    "content": "
import { describe, expect, it } from 'vitest'

describe('should', () => {
  it('one', () => {
    expect(one).toEqual(1)
  })

  it('two', () => {
    expec
})
",
    "cursor": 157,
    "type": "insert",
  },
  {
    "char": "t",
    "content": "
import { describe, expect, it } from 'vitest'

describe('should', () => {
  it('one', () => {
    expect(one).toEqual(1)
  })

  it('two', () => {
    expect
})
",
    "cursor": 158,
    "type": "insert",
  },
  {
    "char": "(",
    "content": "
import { describe, expect, it } from 'vitest'

describe('should', () => {
  it('one', () => {
    expect(one).toEqual(1)
  })

  it('two', () => {
    expect(
})
",
    "cursor": 159,
    "type": "insert",
  },
  {
    "char": "t",
    "content": "
import { describe, expect, it } from 'vitest'

describe('should', () => {
  it('one', () => {
    expect(one).toEqual(1)
  })

  it('two', () => {
    expect(t
})
",
    "cursor": 160,
    "type": "insert",
  },
  {
    "char": "w",
    "content": "
import { describe, expect, it } from 'vitest'

describe('should', () => {
  it('one', () => {
    expect(one).toEqual(1)
  })

  it('two', () => {
    expect(tw
})
",
    "cursor": 161,
    "type": "insert",
  },
  {
    "char": "o",
    "content": "
import { describe, expect, it } from 'vitest'

describe('should', () => {
  it('one', () => {
    expect(one).toEqual(1)
  })

  it('two', () => {
    expect(two
})
",
    "cursor": 162,
    "type": "insert",
  },
  {
    "char": ")",
    "content": "
import { describe, expect, it } from 'vitest'

describe('should', () => {
  it('one', () => {
    expect(one).toEqual(1)
  })

  it('two', () => {
    expect(two)
})
",
    "cursor": 163,
    "type": "insert",
  },
  {
    "char": ".",
    "content": "
import { describe, expect, it } from 'vitest'

describe('should', () => {
  it('one', () => {
    expect(one).toEqual(1)
  })

  it('two', () => {
    expect(two).
})
",
    "cursor": 164,
    "type": "insert",
  },
  {
    "char": "t",
    "content": "
import { describe, expect, it } from 'vitest'

describe('should', () => {
  it('one', () => {
    expect(one).toEqual(1)
  })

  it('two', () => {
    expect(two).t
})
",
    "cursor": 165,
    "type": "insert",
  },
  {
    "char": "o",
    "content": "
import { describe, expect, it } from 'vitest'

describe('should', () => {
  it('one', () => {
    expect(one).toEqual(1)
  })

  it('two', () => {
    expect(two).to
})
",
    "cursor": 166,
    "type": "insert",
  },
  {
    "char": "E",
    "content": "
import { describe, expect, it } from 'vitest'

describe('should', () => {
  it('one', () => {
    expect(one).toEqual(1)
  })

  it('two', () => {
    expect(two).toE
})
",
    "cursor": 167,
    "type": "insert",
  },
  {
    "char": "q",
    "content": "
import { describe, expect, it } from 'vitest'

describe('should', () => {
  it('one', () => {
    expect(one).toEqual(1)
  })

  it('two', () => {
    expect(two).toEq
})
",
    "cursor": 168,
    "type": "insert",
  },
  {
    "char": "u",
    "content": "
import { describe, expect, it } from 'vitest'

describe('should', () => {
  it('one', () => {
    expect(one).toEqual(1)
  })

  it('two', () => {
    expect(two).toEqu
})
",
    "cursor": 169,
    "type": "insert",
  },
  {
    "char": "a",
    "content": "
import { describe, expect, it } from 'vitest'

describe('should', () => {
  it('one', () => {
    expect(one).toEqual(1)
  })

  it('two', () => {
    expect(two).toEqua
})
",
    "cursor": 170,
    "type": "insert",
  },
  {
    "char": "l",
    "content": "
import { describe, expect, it } from 'vitest'

describe('should', () => {
  it('one', () => {
    expect(one).toEqual(1)
  })

  it('two', () => {
    expect(two).toEqual
})
",
    "cursor": 171,
    "type": "insert",
  },
  {
    "char": "(",
    "content": "
import { describe, expect, it } from 'vitest'

describe('should', () => {
  it('one', () => {
    expect(one).toEqual(1)
  })

  it('two', () => {
    expect(two).toEqual(
})
",
    "cursor": 172,
    "type": "insert",
  },
  {
    "char": "2",
    "content": "
import { describe, expect, it } from 'vitest'

describe('should', () => {
  it('one', () => {
    expect(one).toEqual(1)
  })

  it('two', () => {
    expect(two).toEqual(2
})
",
    "cursor": 173,
    "type": "insert",
  },
  {
    "char": ")",
    "content": "
import { describe, expect, it } from 'vitest'

describe('should', () => {
  it('one', () => {
    expect(one).toEqual(1)
  })

  it('two', () => {
    expect(two).toEqual(2)
})
",
    "cursor": 174,
    "type": "insert",
  },
  {
    "char": "
",
    "content": "
import { describe, expect, it } from 'vitest'

describe('should', () => {
  it('one', () => {
    expect(one).toEqual(1)
  })

  it('two', () => {
    expect(two).toEqual(2)

})
",
    "cursor": 175,
    "type": "insert",
  },
  {
    "char": " ",
    "content": "
import { describe, expect, it } from 'vitest'

describe('should', () => {
  it('one', () => {
    expect(one).toEqual(1)
  })

  it('two', () => {
    expect(two).toEqual(2)
 
})
",
    "cursor": 176,
    "type": "insert",
  },
  {
    "char": " ",
    "content": "
import { describe, expect, it } from 'vitest'

describe('should', () => {
  it('one', () => {
    expect(one).toEqual(1)
  })

  it('two', () => {
    expect(two).toEqual(2)
  
})
",
    "cursor": 177,
    "type": "insert",
  },
  {
    "char": "}",
    "content": "
import { describe, expect, it } from 'vitest'

describe('should', () => {
  it('one', () => {
    expect(one).toEqual(1)
  })

  it('two', () => {
    expect(two).toEqual(2)
  }
})
",
    "cursor": 178,
    "type": "insert",
  },
  {
    "char": ")",
    "content": "
import { describe, expect, it } from 'vitest'

describe('should', () => {
  it('one', () => {
    expect(one).toEqual(1)
  })

  it('two', () => {
    expect(two).toEqual(2)
  })
})
",
    "cursor": 179,
    "type": "insert",
  },
  {
    "content": "
import { describe, expect, it } from 'vitest'

describe('should', () => {
  it('one', () => {
    expect(one).toEqual(1)
  })

  it('two', () => {
    expect(two).toEqual(2)
  })
})
",
    "type": "snap-finish",
  },
]
`;
