// Vitest Snapshot v1

exports[`snaps 1`] = `
"typingMachine Snapshots v1
--01----------

--------------
--02----------
import {} from \\"vue\\"
--------------
--03----------
import { createApp } from \\"vue\\"

const app = createApp()

--------------
--------------
"
`;
